src/app/pages/admin/Dashboard.tsx(16,1): error TS6133: 'Hospital' is declared but its value is never read.
src/app/pages/admin/Doctors.tsx(2,44): error TS2305: Module '"../../data"' has no exported member 'centralizedDoctors'.
src/app/pages/admin/Doctors.tsx(5,1): error TS6133: 'useDoctorData' is declared but its value is never read.
src/app/pages/admin/Doctors.tsx(6,1): error TS6133: 'useStaffData' is declared but its value is never read.
src/app/pages/auth/Login.tsx(23,1): error TS6133: 'useDoctorData' is declared but its value is never read.
src/app/pages/auth/Login.tsx(24,1): error TS6133: 'useStaffData' is declared but its value is never read.
src/app/pages/doctor/DoctorAppointments.tsx(5,1): error TS6133: 'useDashboardData' is declared but its value is never read.
src/app/pages/doctor/DoctorAppointments.tsx(6,1): error TS6133: 'useDoctorData' is declared but its value is never read.
src/app/pages/doctor/DoctorAppointments.tsx(7,1): error TS6133: 'useStaffData' is declared but its value is never read.
src/app/pages/doctor/DoctorCalendar.tsx(2,1): error TS6133: 'useDashboardData' is declared but its value is never read.
src/app/pages/doctor/DoctorCalendar.tsx(5,1): error TS6133: 'useDoctorData' is declared but its value is never read.
src/app/pages/doctor/DoctorCalendar.tsx(6,1): error TS6133: 'useStaffData' is declared but its value is never read.
src/app/pages/doctor/DoctorDashboard.tsx(6,1): error TS6133: 'useDoctorData' is declared but its value is never read.
src/app/pages/doctor/DoctorDashboard.tsx(7,1): error TS6133: 'useStaffData' is declared but its value is never read.
src/app/pages/doctor/DoctorNotifications.tsx(2,1): error TS6133: 'useDashboardData' is declared but its value is never read.
src/app/pages/doctor/DoctorNotifications.tsx(5,1): error TS6133: 'useDoctorData' is declared but its value is never read.
src/app/pages/doctor/DoctorNotifications.tsx(6,1): error TS6133: 'useStaffData' is declared but its value is never read.
src/app/pages/doctor/DoctorPatients.tsx(2,1): error TS6133: 'useDashboardData' is declared but its value is never read.
src/app/pages/doctor/DoctorPatients.tsx(5,1): error TS6133: 'useDoctorData' is declared but its value is never read.
src/app/pages/doctor/DoctorPatients.tsx(6,1): error TS6133: 'useStaffData' is declared but its value is never read.
src/app/pages/doctor/DoctorPrescriptions.tsx(5,1): error TS6133: 'useDashboardData' is declared but its value is never read.
src/app/pages/doctor/DoctorPrescriptions.tsx(6,1): error TS6133: 'useDoctorData' is declared but its value is never read.
src/app/pages/doctor/DoctorPrescriptions.tsx(7,1): error TS6133: 'useStaffData' is declared but its value is never read.
src/app/pages/doctor/DoctorQueue.tsx(4,1): error TS6133: 'useDoctorData' is declared but its value is never read.
src/app/pages/doctor/DoctorQueue.tsx(5,1): error TS6133: 'useStaffData' is declared but its value is never read.
src/app/pages/doctor/DoctorSchedule.tsx(4,1): error TS6133: 'useDoctorData' is declared but its value is never read.
src/app/pages/doctor/DoctorSchedule.tsx(5,1): error TS6133: 'useStaffData' is declared but its value is never read.
src/app/pages/patient/BookAppointment.tsx(5,1): error TS6133: 'useDoctorData' is declared but its value is never read.
src/app/pages/patient/BookAppointment.tsx(6,1): error TS6133: 'useStaffData' is declared but its value is never read.
src/app/pages/patient/Departments.tsx(5,1): error TS6133: 'useDoctorData' is declared but its value is never read.
src/app/pages/patient/Departments.tsx(6,1): error TS6133: 'useStaffData' is declared but its value is never read.
src/app/pages/patient/DoctorList.tsx(5,1): error TS6133: 'useDoctorData' is declared but its value is never read.
src/app/pages/patient/DoctorList.tsx(6,1): error TS6133: 'useStaffData' is declared but its value is never read.
src/app/pages/patient/HospitalDetails.tsx(3,1): error TS6133: 'useDoctorData' is declared but its value is never read.
src/app/pages/patient/HospitalDetails.tsx(4,1): error TS6133: 'useStaffData' is declared but its value is never read.
src/app/pages/patient/MyAppointments.tsx(6,1): error TS6133: 'useDoctorData' is declared but its value is never read.
src/app/pages/patient/MyAppointments.tsx(7,1): error TS6133: 'useStaffData' is declared but its value is never read.
src/app/pages/staff/StaffAppointments.tsx(4,1): error TS6133: 'useDashboardData' is declared but its value is never read.
src/app/pages/staff/StaffAppointments.tsx(5,1): error TS6133: 'useDoctorData' is declared but its value is never read.
src/app/pages/staff/StaffAppointments.tsx(6,1): error TS6133: 'useStaffData' is declared but its value is never read.
src/app/pages/staff/StaffDashboard.tsx(6,1): error TS6133: 'useDoctorData' is declared but its value is never read.
src/app/pages/staff/StaffDashboard.tsx(7,1): error TS6133: 'useStaffData' is declared but its value is never read.
src/app/pages/staff/StaffDoctors.tsx(5,1): error TS6133: 'useStaffData' is declared but its value is never read.
src/app/pages/staff/StaffDoctors.tsx(12,49): error TS6133: 'docNotif' is declared but its value is never read.
src/app/pages/staff/StaffNotifications.tsx(4,1): error TS6133: 'useDoctorData' is declared but its value is never read.
src/app/pages/staff/StaffNotifications.tsx(5,1): error TS6133: 'useStaffData' is declared but its value is never read.
src/app/pages/staff/StaffPatients.tsx(5,1): error TS6133: 'useDoctorData' is declared but its value is never read.
src/app/pages/staff/StaffPatients.tsx(6,1): error TS6133: 'useStaffData' is declared but its value is never read.
src/app/pages/staff/StaffReports.tsx(16,1): error TS6133: 'useDoctorData' is declared but its value is never read.
src/app/pages/staff/StaffReports.tsx(17,1): error TS6133: 'useStaffData' is declared but its value is never read.
src/app/pages/staff/StaffScheduling.tsx(5,1): error TS6133: 'useStaffData' is declared but its value is never read.
src/app/pages/staff/StaffScheduling.tsx(49,49): error TS6133: 'docNotif' is declared but its value is never read.
src/app/pages/staff/StaffSettings.tsx(3,1): error TS6133: 'useDoctorData' is declared but its value is never read.
src/app/pages/staff/StaffSettings.tsx(4,1): error TS6133: 'useStaffData' is declared but its value is never read.
